// Jest Snapshot v1, https://goo.gl/fbAQLP

exports[`Grid renders correctly 1`] = `
<Table
  as="table"
>
  <TableHeader
    as="thead"
  >
    <TableRow
      as="tr"
      cellAs="td"
      textAlign="center"
    >
      <TableHeaderCell
        as="th"
      />
      <TableHeaderCell
        as="th"
      >
        COLORS
      </TableHeaderCell>
      <TableHeaderCell
        as="th"
      >
        WORDS
      </TableHeaderCell>
    </TableRow>
  </TableHeader>
  <TableBody
    as="tbody"
  >
    <TableRow
      as="tr"
      cellAs="td"
      verticalAlign="top"
    >
      <TableCell
        as="td"
      >
        <Label
          ribbon={true}
          size="big"
        >
          Mark!
        </Label>
      </TableCell>
      <TableCell
        as="td"
      >
        <BlockGroup
          role="ROLE_MARKING"
        />
      </TableCell>
      <TableCell
        as="td"
      >
        <Connect(TextMarker) />
      </TableCell>
    </TableRow>
    <TableRow
      as="tr"
      cellAs="td"
      verticalAlign="top"
    >
      <TableCell
        as="td"
      >
        <Label
          ribbon={true}
          size="big"
        >
          Filter!
        </Label>
      </TableCell>
      <TableCell
        as="td"
      >
        <BlockGroup
          role="ROLE_FILTERING"
        />
      </TableCell>
      <TableCell
        as="td"
      >
        <Connect(TextFilter) />
      </TableCell>
    </TableRow>
  </TableBody>
</Table>
`;
