// Jest Snapshot v1, https://goo.gl/fbAQLP

exports[`TextMarker renders correctly 1`] = `
<Segment>
  <div
    contentEditable={true}
    onClick={[Function]}
    onMouseUp={[Function]}
    suppressContentEditableWarning={true}
  >
    Laborum minim excepteur do irure eu ea occaecat ipsum eiusmod consequat consequat id Lorem. Aliqua fugiat sit deserunt ea elit mollit eu in do ut ad nostrud cupidatat. Culpa deserunt excepteur duis ut non aliqua cupidatat ipsum eu.
  </div>
</Segment>
`;
